
*** Running vivado
    with args -log ANN.vds -m64 -product Vivado -mode batch -messageDb vivado.pb -notrace -source ANN.tcl


****** Vivado v2019.1 (64-bit)
  **** SW Build 2552052 on Fri May 24 14:49:42 MDT 2019
  **** IP Build 2548770 on Fri May 24 18:01:18 MDT 2019
    ** Copyright 1986-2019 Xilinx, Inc. All Rights Reserved.

source ANN.tcl -notrace
create_project: Time (s): cpu = 00:00:01 ; elapsed = 00:00:05 . Memory (MB): peak = 354.734 ; gain = 70.469
Command: synth_design -top ANN -part xc7vx485tffg1157-1
Starting synth_design
Attempting to get a license for feature 'Synthesis' and/or device 'xc7vx485t'
INFO: [Common 17-349] Got license for feature 'Synthesis' and/or device 'xc7vx485t'
INFO: Launching helper process for spawning children vivado processes
INFO: Helper process launched with PID 22480 
---------------------------------------------------------------------------------
Starting Synthesize : Time (s): cpu = 00:00:04 ; elapsed = 00:00:05 . Memory (MB): peak = 565.871 ; gain = 187.234
---------------------------------------------------------------------------------
INFO: [Synth 8-6157] synthesizing module 'ANN' [C:/Vivado Projects/CAO Project/CAO Project.srcs/sources_1/new/ANN.sv:1]
	Parameter m bound to: 3 - type: integer 
	Parameter n bound to: 32 - type: integer 
INFO: [Synth 8-6157] synthesizing module 'controller' [C:/Vivado Projects/CAO Project/CAO Project.srcs/sources_1/new/controller.sv:1]
	Parameter m bound to: 3 - type: integer 
	Parameter MEM_DEPTH bound to: 32 - type: integer 
INFO: [Synth 8-155] case statement is not full and has no default [C:/Vivado Projects/CAO Project/CAO Project.srcs/sources_1/new/controller.sv:36]
INFO: [Synth 8-6155] done synthesizing module 'controller' (1#1) [C:/Vivado Projects/CAO Project/CAO Project.srcs/sources_1/new/controller.sv:1]
INFO: [Synth 8-6157] synthesizing module 'weight_file' [C:/Vivado Projects/CAO Project/CAO Project.srcs/sources_1/new/weight_file.sv:1]
INFO: [Synth 8-3876] $readmem data file 'weights.mem' is read successfully [C:/Vivado Projects/CAO Project/CAO Project.srcs/sources_1/new/weight_file.sv:12]
INFO: [Synth 8-3876] $readmem data file 'features.mem' is read successfully [C:/Vivado Projects/CAO Project/CAO Project.srcs/sources_1/new/weight_file.sv:13]
INFO: [Synth 8-6155] done synthesizing module 'weight_file' (2#1) [C:/Vivado Projects/CAO Project/CAO Project.srcs/sources_1/new/weight_file.sv:1]
INFO: [Synth 8-6157] synthesizing module 'pipe_reg' [C:/Vivado Projects/CAO Project/CAO Project.srcs/sources_1/new/pipe_reg.sv:1]
	Parameter WIDTH bound to: 32 - type: integer 
INFO: [Synth 8-6155] done synthesizing module 'pipe_reg' (3#1) [C:/Vivado Projects/CAO Project/CAO Project.srcs/sources_1/new/pipe_reg.sv:1]
WARNING: [Synth 8-689] width (2) of port connection 'data_out' does not match port width (32) of module 'pipe_reg' [C:/Vivado Projects/CAO Project/CAO Project.srcs/sources_1/new/ANN.sv:86]
INFO: [Synth 8-6157] synthesizing module 'MAC' [C:/Vivado Projects/CAO Project/CAO Project.srcs/sources_1/new/MAC.sv:1]
	Parameter n bound to: 32 - type: integer 
	Parameter m bound to: 3 - type: integer 
INFO: [Synth 8-6155] done synthesizing module 'MAC' (4#1) [C:/Vivado Projects/CAO Project/CAO Project.srcs/sources_1/new/MAC.sv:1]
INFO: [Synth 8-6157] synthesizing module 'pipe_reg__parameterized0' [C:/Vivado Projects/CAO Project/CAO Project.srcs/sources_1/new/pipe_reg.sv:1]
	Parameter WIDTH bound to: 64 - type: integer 
INFO: [Synth 8-6155] done synthesizing module 'pipe_reg__parameterized0' (4#1) [C:/Vivado Projects/CAO Project/CAO Project.srcs/sources_1/new/pipe_reg.sv:1]
WARNING: [Synth 8-689] width (2) of port connection 'data_out' does not match port width (32) of module 'pipe_reg' [C:/Vivado Projects/CAO Project/CAO Project.srcs/sources_1/new/ANN.sv:107]
INFO: [Synth 8-6157] synthesizing module 'ReLU' [C:/Vivado Projects/CAO Project/CAO Project.srcs/sources_1/new/ReLU.sv:1]
	Parameter n bound to: 32 - type: integer 
WARNING: [Synth 8-87] always_comb on 'result_out_reg' did not result in combinational logic [C:/Vivado Projects/CAO Project/CAO Project.srcs/sources_1/new/ReLU.sv:9]
INFO: [Synth 8-6155] done synthesizing module 'ReLU' (5#1) [C:/Vivado Projects/CAO Project/CAO Project.srcs/sources_1/new/ReLU.sv:1]
WARNING: [Synth 8-689] width (2) of port connection 'data_out' does not match port width (32) of module 'pipe_reg' [C:/Vivado Projects/CAO Project/CAO Project.srcs/sources_1/new/ANN.sv:125]
INFO: [Synth 8-6157] synthesizing module 'Quantizer' [C:/Vivado Projects/CAO Project/CAO Project.srcs/sources_1/new/Quantizer.sv:1]
	Parameter n bound to: 32 - type: integer 
	Parameter SHIFT bound to: 30 - type: integer 
	Parameter MAX_Q1_30 bound to: 1073741823 - type: integer 
	Parameter MIN_Q1_30 bound to: 0 - type: integer 
INFO: [Synth 8-6155] done synthesizing module 'Quantizer' (6#1) [C:/Vivado Projects/CAO Project/CAO Project.srcs/sources_1/new/Quantizer.sv:1]
INFO: [Synth 8-6155] done synthesizing module 'ANN' (7#1) [C:/Vivado Projects/CAO Project/CAO Project.srcs/sources_1/new/ANN.sv:1]
---------------------------------------------------------------------------------
Finished Synthesize : Time (s): cpu = 00:00:05 ; elapsed = 00:00:07 . Memory (MB): peak = 629.453 ; gain = 250.816
---------------------------------------------------------------------------------
---------------------------------------------------------------------------------
Finished Constraint Validation : Time (s): cpu = 00:00:05 ; elapsed = 00:00:07 . Memory (MB): peak = 629.453 ; gain = 250.816
---------------------------------------------------------------------------------
---------------------------------------------------------------------------------
Start Loading Part and Timing Information
---------------------------------------------------------------------------------
Loading part: xc7vx485tffg1157-1
---------------------------------------------------------------------------------
INFO: [Device 21-403] Loading part xc7vx485tffg1157-1
Finished Loading Part and Timing Information : Time (s): cpu = 00:00:05 ; elapsed = 00:00:07 . Memory (MB): peak = 629.453 ; gain = 250.816
---------------------------------------------------------------------------------
INFO: [Synth 8-5544] ROM "weights" won't be mapped to Block RAM because address size (2) smaller than threshold (5)
INFO: [Synth 8-5544] ROM "features" won't be mapped to Block RAM because address size (2) smaller than threshold (5)
WARNING: [Synth 8-327] inferring latch for variable 'result_out_reg' [C:/Vivado Projects/CAO Project/CAO Project.srcs/sources_1/new/ReLU.sv:9]
---------------------------------------------------------------------------------
Finished RTL Optimization Phase 2 : Time (s): cpu = 00:00:05 ; elapsed = 00:00:07 . Memory (MB): peak = 629.453 ; gain = 250.816
---------------------------------------------------------------------------------

Report RTL Partitions: 
+-+--------------+------------+----------+
| |RTL Partition |Replication |Instances |
+-+--------------+------------+----------+
+-+--------------+------------+----------+
No constraint files found.
---------------------------------------------------------------------------------
Start RTL Component Statistics 
---------------------------------------------------------------------------------
Detailed RTL Component Info : 
+---Adders : 
	   2 Input     64 Bit       Adders := 2     
	   2 Input      5 Bit       Adders := 2     
	   2 Input      2 Bit       Adders := 2     
+---Registers : 
	               64 Bit    Registers := 2     
	               32 Bit    Registers := 5     
	                2 Bit    Registers := 1     
	                1 Bit    Registers := 3     
+---Multipliers : 
	                32x32  Multipliers := 1     
+---Muxes : 
	   2 Input     64 Bit        Muxes := 3     
	   4 Input     32 Bit        Muxes := 2     
	   2 Input     32 Bit        Muxes := 7     
	   4 Input      5 Bit        Muxes := 2     
	   2 Input      5 Bit        Muxes := 2     
	   2 Input      2 Bit        Muxes := 1     
	   2 Input      1 Bit        Muxes := 4     
---------------------------------------------------------------------------------
Finished RTL Component Statistics 
---------------------------------------------------------------------------------
---------------------------------------------------------------------------------
Start RTL Hierarchical Component Statistics 
---------------------------------------------------------------------------------
Hierarchical RTL Component report 
Module ANN 
Detailed RTL Component Info : 
+---Registers : 
	                1 Bit    Registers := 2     
+---Muxes : 
	   2 Input      1 Bit        Muxes := 2     
Module controller 
Detailed RTL Component Info : 
+---Adders : 
	   2 Input      5 Bit       Adders := 2     
	   2 Input      2 Bit       Adders := 2     
+---Registers : 
	                2 Bit    Registers := 1     
	                1 Bit    Registers := 1     
+---Muxes : 
	   4 Input      5 Bit        Muxes := 2     
	   2 Input      5 Bit        Muxes := 2     
	   2 Input      2 Bit        Muxes := 1     
	   2 Input      1 Bit        Muxes := 2     
Module weight_file 
Detailed RTL Component Info : 
+---Muxes : 
	   4 Input     32 Bit        Muxes := 2     
	   2 Input     32 Bit        Muxes := 4     
Module pipe_reg 
Detailed RTL Component Info : 
+---Registers : 
	               32 Bit    Registers := 1     
Module MAC 
Detailed RTL Component Info : 
+---Adders : 
	   2 Input     64 Bit       Adders := 1     
+---Multipliers : 
	                32x32  Multipliers := 1     
+---Muxes : 
	   2 Input     64 Bit        Muxes := 2     
Module pipe_reg__parameterized0 
Detailed RTL Component Info : 
+---Registers : 
	               64 Bit    Registers := 1     
Module ReLU 
Detailed RTL Component Info : 
+---Muxes : 
	   2 Input     64 Bit        Muxes := 1     
Module Quantizer 
Detailed RTL Component Info : 
+---Adders : 
	   2 Input     64 Bit       Adders := 1     
+---Muxes : 
	   2 Input     32 Bit        Muxes := 3     
---------------------------------------------------------------------------------
Finished RTL Hierarchical Component Statistics
---------------------------------------------------------------------------------
---------------------------------------------------------------------------------
Start Part Resource Summary
---------------------------------------------------------------------------------
Part Resources:
DSPs: 2800 (col length:140)
BRAMs: 2060 (col length: RAMB18 140 RAMB36 70)
---------------------------------------------------------------------------------
Finished Part Resource Summary
---------------------------------------------------------------------------------
No constraint files found.
---------------------------------------------------------------------------------
Start Cross Boundary and Area Optimization
---------------------------------------------------------------------------------
Warning: Parallel synthesis criteria is not met 
INFO: [Synth 8-5845] Not enough pipeline registers after wide multiplier. Recommended levels of pipeline registers is 4 [C:/Vivado Projects/CAO Project/CAO Project.srcs/sources_1/new/MAC.sv:12]
DSP Report: Generating DSP mac/result1, operation Mode is: A*B.
DSP Report: operator mac/result1 is absorbed into DSP mac/result1.
DSP Report: operator mac/result1 is absorbed into DSP mac/result1.
DSP Report: Generating DSP mac/result1, operation Mode is: (PCIN>>17)+A*B.
DSP Report: operator mac/result1 is absorbed into DSP mac/result1.
DSP Report: operator mac/result1 is absorbed into DSP mac/result1.
DSP Report: Generating DSP mac/result1, operation Mode is: A*B.
DSP Report: operator mac/result1 is absorbed into DSP mac/result1.
DSP Report: operator mac/result1 is absorbed into DSP mac/result1.
DSP Report: Generating DSP mac/result1, operation Mode is: (PCIN>>17)+A*B.
DSP Report: operator mac/result1 is absorbed into DSP mac/result1.
DSP Report: operator mac/result1 is absorbed into DSP mac/result1.
WARNING: [Synth 8-3917] design ANN has port invalid driven by constant 0
INFO: [Synth 8-3886] merging instance 'P11/data_out_reg[0]' (FDCE) to 'P11/data_out_reg[1]'
INFO: [Synth 8-3886] merging instance 'P11/data_out_reg[1]' (FDCE) to 'P11/data_out_reg[2]'
INFO: [Synth 8-3886] merging instance 'P11/data_out_reg[2]' (FDCE) to 'P11/data_out_reg[3]'
INFO: [Synth 8-3886] merging instance 'P11/data_out_reg[3]' (FDCE) to 'P11/data_out_reg[4]'
INFO: [Synth 8-3886] merging instance 'P11/data_out_reg[4]' (FDCE) to 'P11/data_out_reg[5]'
INFO: [Synth 8-3886] merging instance 'P11/data_out_reg[5]' (FDCE) to 'P11/data_out_reg[6]'
INFO: [Synth 8-3886] merging instance 'P11/data_out_reg[6]' (FDCE) to 'P11/data_out_reg[7]'
INFO: [Synth 8-3886] merging instance 'P11/data_out_reg[7]' (FDCE) to 'P11/data_out_reg[8]'
INFO: [Synth 8-3886] merging instance 'P11/data_out_reg[8]' (FDCE) to 'P11/data_out_reg[9]'
INFO: [Synth 8-3886] merging instance 'P11/data_out_reg[9]' (FDCE) to 'P11/data_out_reg[10]'
INFO: [Synth 8-3886] merging instance 'P11/data_out_reg[10]' (FDCE) to 'P11/data_out_reg[11]'
INFO: [Synth 8-3886] merging instance 'P11/data_out_reg[11]' (FDCE) to 'P11/data_out_reg[12]'
INFO: [Synth 8-3886] merging instance 'P11/data_out_reg[12]' (FDCE) to 'P11/data_out_reg[13]'
INFO: [Synth 8-3886] merging instance 'P11/data_out_reg[13]' (FDCE) to 'P11/data_out_reg[14]'
INFO: [Synth 8-3886] merging instance 'P11/data_out_reg[14]' (FDCE) to 'P11/data_out_reg[15]'
INFO: [Synth 8-3886] merging instance 'P11/data_out_reg[15]' (FDCE) to 'P11/data_out_reg[16]'
INFO: [Synth 8-3886] merging instance 'P11/data_out_reg[16]' (FDCE) to 'P11/data_out_reg[17]'
INFO: [Synth 8-3886] merging instance 'P12/data_out_reg[0]' (FDCE) to 'P11/data_out_reg[17]'
INFO: [Synth 8-3886] merging instance 'P12/data_out_reg[1]' (FDCE) to 'P11/data_out_reg[17]'
INFO: [Synth 8-3886] merging instance 'P12/data_out_reg[2]' (FDCE) to 'P11/data_out_reg[17]'
INFO: [Synth 8-3886] merging instance 'P12/data_out_reg[3]' (FDCE) to 'P11/data_out_reg[17]'
INFO: [Synth 8-3886] merging instance 'P12/data_out_reg[4]' (FDCE) to 'P11/data_out_reg[17]'
INFO: [Synth 8-3886] merging instance 'P12/data_out_reg[5]' (FDCE) to 'P11/data_out_reg[17]'
INFO: [Synth 8-3886] merging instance 'P12/data_out_reg[6]' (FDCE) to 'P11/data_out_reg[17]'
INFO: [Synth 8-3886] merging instance 'P12/data_out_reg[7]' (FDCE) to 'P11/data_out_reg[17]'
INFO: [Synth 8-3886] merging instance 'P12/data_out_reg[8]' (FDCE) to 'P11/data_out_reg[17]'
INFO: [Synth 8-3886] merging instance 'P12/data_out_reg[9]' (FDCE) to 'P11/data_out_reg[17]'
INFO: [Synth 8-3886] merging instance 'P12/data_out_reg[10]' (FDCE) to 'P11/data_out_reg[17]'
INFO: [Synth 8-3886] merging instance 'P12/data_out_reg[11]' (FDCE) to 'P11/data_out_reg[17]'
INFO: [Synth 8-3886] merging instance 'P12/data_out_reg[12]' (FDCE) to 'P11/data_out_reg[17]'
INFO: [Synth 8-3886] merging instance 'P12/data_out_reg[13]' (FDCE) to 'P11/data_out_reg[17]'
INFO: [Synth 8-3886] merging instance 'P12/data_out_reg[14]' (FDCE) to 'P11/data_out_reg[17]'
INFO: [Synth 8-3886] merging instance 'P12/data_out_reg[15]' (FDCE) to 'P11/data_out_reg[17]'
INFO: [Synth 8-3886] merging instance 'P12/data_out_reg[16]' (FDCE) to 'P11/data_out_reg[17]'
INFO: [Synth 8-3886] merging instance 'P12/data_out_reg[17]' (FDCE) to 'P11/data_out_reg[17]'
INFO: [Synth 8-3886] merging instance 'P12/data_out_reg[18]' (FDCE) to 'P11/data_out_reg[17]'
INFO: [Synth 8-3886] merging instance 'P12/data_out_reg[19]' (FDCE) to 'P11/data_out_reg[17]'
INFO: [Synth 8-3886] merging instance 'P12/data_out_reg[20]' (FDCE) to 'P11/data_out_reg[17]'
INFO: [Synth 8-3886] merging instance 'P12/data_out_reg[21]' (FDCE) to 'P11/data_out_reg[17]'
INFO: [Synth 8-3886] merging instance 'P12/data_out_reg[22]' (FDCE) to 'P11/data_out_reg[17]'
INFO: [Synth 8-3886] merging instance 'P12/data_out_reg[23]' (FDCE) to 'P11/data_out_reg[17]'
INFO: [Synth 8-3886] merging instance 'P12/data_out_reg[24]' (FDCE) to 'P11/data_out_reg[17]'
INFO: [Synth 8-3886] merging instance 'P12/data_out_reg[25]' (FDCE) to 'P11/data_out_reg[17]'
INFO: [Synth 8-3886] merging instance 'P12/data_out_reg[26]' (FDCE) to 'P11/data_out_reg[17]'
INFO: [Synth 8-3886] merging instance 'P12/data_out_reg[29]' (FDCE) to 'P11/data_out_reg[17]'
INFO: [Synth 8-3886] merging instance 'P12/data_out_reg[30]' (FDCE) to 'P11/data_out_reg[17]'
INFO: [Synth 8-3886] merging instance 'P12/data_out_reg[31]' (FDCE) to 'P11/data_out_reg[17]'
INFO: [Synth 8-3886] merging instance 'P11/data_out_reg[17]' (FDCE) to 'P11/data_out_reg[18]'
INFO: [Synth 8-3886] merging instance 'P11/data_out_reg[18]' (FDCE) to 'P11/data_out_reg[19]'
INFO: [Synth 8-3886] merging instance 'P11/data_out_reg[19]' (FDCE) to 'P11/data_out_reg[20]'
INFO: [Synth 8-3886] merging instance 'P11/data_out_reg[20]' (FDCE) to 'P11/data_out_reg[21]'
INFO: [Synth 8-3886] merging instance 'P11/data_out_reg[21]' (FDCE) to 'P11/data_out_reg[22]'
INFO: [Synth 8-3886] merging instance 'P11/data_out_reg[22]' (FDCE) to 'P11/data_out_reg[23]'
INFO: [Synth 8-3886] merging instance 'P11/data_out_reg[23]' (FDCE) to 'P11/data_out_reg[24]'
INFO: [Synth 8-3886] merging instance 'P11/data_out_reg[24]' (FDCE) to 'P11/data_out_reg[25]'
INFO: [Synth 8-3886] merging instance 'P11/data_out_reg[25]' (FDCE) to 'P11/data_out_reg[26]'
INFO: [Synth 8-3886] merging instance 'P11/data_out_reg[26]' (FDCE) to 'P11/data_out_reg[29]'
INFO: [Synth 8-3886] merging instance 'P11/data_out_reg[29]' (FDCE) to 'P11/data_out_reg[30]'
INFO: [Synth 8-3886] merging instance 'P11/data_out_reg[30]' (FDCE) to 'P11/data_out_reg[31]'
INFO: [Synth 8-3333] propagating constant 0 across sequential element (\P11/data_out_reg[31] )
INFO: [Synth 8-3333] propagating constant 0 across sequential element (\relu/result_out_reg[63] )
INFO: [Synth 8-3886] merging instance 'P32/data_out_reg[2]' (FDCE) to 'P31/data_out_reg[63]'
INFO: [Synth 8-3886] merging instance 'P32/data_out_reg[3]' (FDCE) to 'P31/data_out_reg[63]'
INFO: [Synth 8-3886] merging instance 'P32/data_out_reg[4]' (FDCE) to 'P31/data_out_reg[63]'
INFO: [Synth 8-3886] merging instance 'P32/data_out_reg[5]' (FDCE) to 'P31/data_out_reg[63]'
INFO: [Synth 8-3886] merging instance 'P32/data_out_reg[6]' (FDCE) to 'P31/data_out_reg[63]'
INFO: [Synth 8-3886] merging instance 'P32/data_out_reg[7]' (FDCE) to 'P31/data_out_reg[63]'
INFO: [Synth 8-3886] merging instance 'P32/data_out_reg[8]' (FDCE) to 'P31/data_out_reg[63]'
INFO: [Synth 8-3886] merging instance 'P32/data_out_reg[9]' (FDCE) to 'P31/data_out_reg[63]'
INFO: [Synth 8-3886] merging instance 'P32/data_out_reg[10]' (FDCE) to 'P31/data_out_reg[63]'
INFO: [Synth 8-3886] merging instance 'P32/data_out_reg[11]' (FDCE) to 'P31/data_out_reg[63]'
INFO: [Synth 8-3886] merging instance 'P32/data_out_reg[12]' (FDCE) to 'P31/data_out_reg[63]'
INFO: [Synth 8-3886] merging instance 'P32/data_out_reg[13]' (FDCE) to 'P31/data_out_reg[63]'
INFO: [Synth 8-3886] merging instance 'P32/data_out_reg[14]' (FDCE) to 'P31/data_out_reg[63]'
INFO: [Synth 8-3886] merging instance 'P32/data_out_reg[15]' (FDCE) to 'P31/data_out_reg[63]'
INFO: [Synth 8-3886] merging instance 'P32/data_out_reg[16]' (FDCE) to 'P31/data_out_reg[63]'
INFO: [Synth 8-3886] merging instance 'P32/data_out_reg[17]' (FDCE) to 'P31/data_out_reg[63]'
INFO: [Synth 8-3886] merging instance 'P32/data_out_reg[18]' (FDCE) to 'P31/data_out_reg[63]'
INFO: [Synth 8-3886] merging instance 'P32/data_out_reg[19]' (FDCE) to 'P31/data_out_reg[63]'
INFO: [Synth 8-3886] merging instance 'P32/data_out_reg[20]' (FDCE) to 'P31/data_out_reg[63]'
INFO: [Synth 8-3886] merging instance 'P32/data_out_reg[21]' (FDCE) to 'P31/data_out_reg[63]'
INFO: [Synth 8-3886] merging instance 'P32/data_out_reg[22]' (FDCE) to 'P31/data_out_reg[63]'
INFO: [Synth 8-3886] merging instance 'P32/data_out_reg[23]' (FDCE) to 'P31/data_out_reg[63]'
INFO: [Synth 8-3886] merging instance 'P32/data_out_reg[24]' (FDCE) to 'P31/data_out_reg[63]'
INFO: [Synth 8-3886] merging instance 'P32/data_out_reg[25]' (FDCE) to 'P31/data_out_reg[63]'
INFO: [Synth 8-3886] merging instance 'P32/data_out_reg[26]' (FDCE) to 'P31/data_out_reg[63]'
INFO: [Synth 8-3886] merging instance 'P32/data_out_reg[27]' (FDCE) to 'P31/data_out_reg[63]'
INFO: [Synth 8-3886] merging instance 'P32/data_out_reg[28]' (FDCE) to 'P31/data_out_reg[63]'
INFO: [Synth 8-3886] merging instance 'P32/data_out_reg[29]' (FDCE) to 'P31/data_out_reg[63]'
INFO: [Synth 8-3886] merging instance 'P32/data_out_reg[30]' (FDCE) to 'P31/data_out_reg[63]'
INFO: [Synth 8-3886] merging instance 'P32/data_out_reg[31]' (FDCE) to 'P31/data_out_reg[63]'
INFO: [Synth 8-3886] merging instance 'P13/data_out_reg[2]' (FDCE) to 'P31/data_out_reg[63]'
INFO: [Synth 8-3886] merging instance 'P13/data_out_reg[3]' (FDCE) to 'P31/data_out_reg[63]'
INFO: [Synth 8-3886] merging instance 'P13/data_out_reg[4]' (FDCE) to 'P31/data_out_reg[63]'
INFO: [Synth 8-3886] merging instance 'P13/data_out_reg[5]' (FDCE) to 'P31/data_out_reg[63]'
INFO: [Synth 8-3886] merging instance 'P13/data_out_reg[6]' (FDCE) to 'P31/data_out_reg[63]'
INFO: [Synth 8-3886] merging instance 'P13/data_out_reg[7]' (FDCE) to 'P31/data_out_reg[63]'
INFO: [Synth 8-3886] merging instance 'P13/data_out_reg[8]' (FDCE) to 'P31/data_out_reg[63]'
INFO: [Synth 8-3886] merging instance 'P13/data_out_reg[9]' (FDCE) to 'P31/data_out_reg[63]'
INFO: [Synth 8-3886] merging instance 'P13/data_out_reg[10]' (FDCE) to 'P31/data_out_reg[63]'
INFO: [Synth 8-3886] merging instance 'P13/data_out_reg[11]' (FDCE) to 'P31/data_out_reg[63]'
INFO: [Synth 8-3886] merging instance 'P13/data_out_reg[12]' (FDCE) to 'P31/data_out_reg[63]'
INFO: [Common 17-14] Message 'Synth 8-3886' appears 100 times and further instances of the messages will be disabled. Use the Tcl command set_msg_config to change the current settings.
WARNING: [Synth 8-3332] Sequential element (relu/result_out_reg[63]) is unused and will be removed from module ANN.
WARNING: [Synth 8-3332] Sequential element (relu/result_out_reg[27]) is unused and will be removed from module ANN.
WARNING: [Synth 8-3332] Sequential element (relu/result_out_reg[26]) is unused and will be removed from module ANN.
WARNING: [Synth 8-3332] Sequential element (relu/result_out_reg[25]) is unused and will be removed from module ANN.
WARNING: [Synth 8-3332] Sequential element (relu/result_out_reg[24]) is unused and will be removed from module ANN.
WARNING: [Synth 8-3332] Sequential element (relu/result_out_reg[23]) is unused and will be removed from module ANN.
WARNING: [Synth 8-3332] Sequential element (relu/result_out_reg[22]) is unused and will be removed from module ANN.
WARNING: [Synth 8-3332] Sequential element (relu/result_out_reg[21]) is unused and will be removed from module ANN.
WARNING: [Synth 8-3332] Sequential element (relu/result_out_reg[20]) is unused and will be removed from module ANN.
WARNING: [Synth 8-3332] Sequential element (relu/result_out_reg[19]) is unused and will be removed from module ANN.
WARNING: [Synth 8-3332] Sequential element (relu/result_out_reg[18]) is unused and will be removed from module ANN.
WARNING: [Synth 8-3332] Sequential element (relu/result_out_reg[17]) is unused and will be removed from module ANN.
WARNING: [Synth 8-3332] Sequential element (relu/result_out_reg[16]) is unused and will be removed from module ANN.
WARNING: [Synth 8-3332] Sequential element (relu/result_out_reg[15]) is unused and will be removed from module ANN.
WARNING: [Synth 8-3332] Sequential element (relu/result_out_reg[14]) is unused and will be removed from module ANN.
WARNING: [Synth 8-3332] Sequential element (relu/result_out_reg[13]) is unused and will be removed from module ANN.
WARNING: [Synth 8-3332] Sequential element (relu/result_out_reg[12]) is unused and will be removed from module ANN.
WARNING: [Synth 8-3332] Sequential element (relu/result_out_reg[11]) is unused and will be removed from module ANN.
WARNING: [Synth 8-3332] Sequential element (relu/result_out_reg[10]) is unused and will be removed from module ANN.
WARNING: [Synth 8-3332] Sequential element (relu/result_out_reg[9]) is unused and will be removed from module ANN.
WARNING: [Synth 8-3332] Sequential element (relu/result_out_reg[8]) is unused and will be removed from module ANN.
WARNING: [Synth 8-3332] Sequential element (relu/result_out_reg[7]) is unused and will be removed from module ANN.
WARNING: [Synth 8-3332] Sequential element (relu/result_out_reg[6]) is unused and will be removed from module ANN.
WARNING: [Synth 8-3332] Sequential element (relu/result_out_reg[5]) is unused and will be removed from module ANN.
WARNING: [Synth 8-3332] Sequential element (relu/result_out_reg[4]) is unused and will be removed from module ANN.
WARNING: [Synth 8-3332] Sequential element (relu/result_out_reg[3]) is unused and will be removed from module ANN.
WARNING: [Synth 8-3332] Sequential element (relu/result_out_reg[2]) is unused and will be removed from module ANN.
WARNING: [Synth 8-3332] Sequential element (relu/result_out_reg[1]) is unused and will be removed from module ANN.
WARNING: [Synth 8-3332] Sequential element (relu/result_out_reg[0]) is unused and will be removed from module ANN.
---------------------------------------------------------------------------------
Finished Cross Boundary and Area Optimization : Time (s): cpu = 00:00:14 ; elapsed = 00:00:17 . Memory (MB): peak = 939.605 ; gain = 560.969
---------------------------------------------------------------------------------
---------------------------------------------------------------------------------
Start ROM, RAM, DSP and Shift Register Reporting
---------------------------------------------------------------------------------

DSP: Preliminary Mapping  Report (see note below)
+------------+----------------+--------+--------+--------+--------+--------+------+------+------+------+-------+------+------+
|Module Name | DSP Mapping    | A Size | B Size | C Size | D Size | P Size | AREG | BREG | CREG | DREG | ADREG | MREG | PREG | 
+------------+----------------+--------+--------+--------+--------+--------+------+------+------+------+-------+------+------+
|ANN         | A*B            | 18     | 15     | -      | -      | 48     | 0    | 0    | -    | -    | -     | 0    | 0    | 
|ANN         | (PCIN>>17)+A*B | 15     | 15     | -      | -      | 48     | 0    | 0    | -    | -    | -     | 0    | 0    | 
|ANN         | A*B            | 18     | 18     | -      | -      | 48     | 0    | 0    | -    | -    | -     | 0    | 0    | 
|ANN         | (PCIN>>17)+A*B | 18     | 15     | -      | -      | 48     | 0    | 0    | -    | -    | -     | 0    | 0    | 
+------------+----------------+--------+--------+--------+--------+--------+------+------+------+------+-------+------+------+

Note: The table above is a preliminary report that shows the DSPs inferred at the current stage of the synthesis flow. Some DSP may be reimplemented as non DSP primitives later in the synthesis flow. Multiple instantiated DSPs are reported only once.
---------------------------------------------------------------------------------
Finished ROM, RAM, DSP and Shift Register Reporting
---------------------------------------------------------------------------------
INFO: [Synth 8-5844] Detected registers with asynchronous reset at DSP/BRAM block boundary. Consider using synchronous reset for optimal packing [C:/Vivado Projects/CAO Project/CAO Project.srcs/sources_1/new/pipe_reg.sv:8]
INFO: [Synth 8-5844] Detected registers with asynchronous reset at DSP/BRAM block boundary. Consider using synchronous reset for optimal packing [C:/Vivado Projects/CAO Project/CAO Project.srcs/sources_1/new/pipe_reg.sv:8]
INFO: [Synth 8-5844] Detected registers with asynchronous reset at DSP/BRAM block boundary. Consider using synchronous reset for optimal packing [C:/Vivado Projects/CAO Project/CAO Project.srcs/sources_1/new/pipe_reg.sv:8]
INFO: [Synth 8-5844] Detected registers with asynchronous reset at DSP/BRAM block boundary. Consider using synchronous reset for optimal packing [C:/Vivado Projects/CAO Project/CAO Project.srcs/sources_1/new/pipe_reg.sv:8]

Report RTL Partitions: 
+-+--------------+------------+----------+
| |RTL Partition |Replication |Instances |
+-+--------------+------------+----------+
+-+--------------+------------+----------+
No constraint files found.
---------------------------------------------------------------------------------
Start Timing Optimization
---------------------------------------------------------------------------------
---------------------------------------------------------------------------------
Finished Timing Optimization : Time (s): cpu = 00:00:14 ; elapsed = 00:00:17 . Memory (MB): peak = 940.098 ; gain = 561.461
---------------------------------------------------------------------------------

Report RTL Partitions: 
+-+--------------+------------+----------+
| |RTL Partition |Replication |Instances |
+-+--------------+------------+----------+
+-+--------------+------------+----------+
---------------------------------------------------------------------------------
Start Technology Mapping
---------------------------------------------------------------------------------
INFO: [Synth 8-5844] Detected registers with asynchronous reset at DSP/BRAM block boundary. Consider using synchronous reset for optimal packing [C:/Vivado Projects/CAO Project/CAO Project.srcs/sources_1/new/pipe_reg.sv:8]
INFO: [Synth 8-5844] Detected registers with asynchronous reset at DSP/BRAM block boundary. Consider using synchronous reset for optimal packing [C:/Vivado Projects/CAO Project/CAO Project.srcs/sources_1/new/pipe_reg.sv:8]
INFO: [Synth 8-5844] Detected registers with asynchronous reset at DSP/BRAM block boundary. Consider using synchronous reset for optimal packing [C:/Vivado Projects/CAO Project/CAO Project.srcs/sources_1/new/pipe_reg.sv:8]
INFO: [Synth 8-5844] Detected registers with asynchronous reset at DSP/BRAM block boundary. Consider using synchronous reset for optimal packing [C:/Vivado Projects/CAO Project/CAO Project.srcs/sources_1/new/pipe_reg.sv:8]
---------------------------------------------------------------------------------
Finished Technology Mapping : Time (s): cpu = 00:00:14 ; elapsed = 00:00:17 . Memory (MB): peak = 940.098 ; gain = 561.461
---------------------------------------------------------------------------------

Report RTL Partitions: 
+-+--------------+------------+----------+
| |RTL Partition |Replication |Instances |
+-+--------------+------------+----------+
+-+--------------+------------+----------+
---------------------------------------------------------------------------------
Start IO Insertion
---------------------------------------------------------------------------------
---------------------------------------------------------------------------------
Start Flattening Before IO Insertion
---------------------------------------------------------------------------------
---------------------------------------------------------------------------------
Finished Flattening Before IO Insertion
---------------------------------------------------------------------------------
---------------------------------------------------------------------------------
Start Final Netlist Cleanup
---------------------------------------------------------------------------------
---------------------------------------------------------------------------------
Finished Final Netlist Cleanup
---------------------------------------------------------------------------------
---------------------------------------------------------------------------------
Finished IO Insertion : Time (s): cpu = 00:00:16 ; elapsed = 00:00:19 . Memory (MB): peak = 941.082 ; gain = 562.445
---------------------------------------------------------------------------------

Report Check Netlist: 
+------+------------------+-------+---------+-------+------------------+
|      |Item              |Errors |Warnings |Status |Description       |
+------+------------------+-------+---------+-------+------------------+
|1     |multi_driven_nets |      0|        0|Passed |Multi driven nets |
+------+------------------+-------+---------+-------+------------------+
---------------------------------------------------------------------------------
Start Renaming Generated Instances
---------------------------------------------------------------------------------
---------------------------------------------------------------------------------
Finished Renaming Generated Instances : Time (s): cpu = 00:00:16 ; elapsed = 00:00:19 . Memory (MB): peak = 941.082 ; gain = 562.445
---------------------------------------------------------------------------------

Report RTL Partitions: 
+-+--------------+------------+----------+
| |RTL Partition |Replication |Instances |
+-+--------------+------------+----------+
+-+--------------+------------+----------+
---------------------------------------------------------------------------------
Start Rebuilding User Hierarchy
---------------------------------------------------------------------------------
---------------------------------------------------------------------------------
Finished Rebuilding User Hierarchy : Time (s): cpu = 00:00:16 ; elapsed = 00:00:19 . Memory (MB): peak = 941.082 ; gain = 562.445
---------------------------------------------------------------------------------
---------------------------------------------------------------------------------
Start Renaming Generated Ports
---------------------------------------------------------------------------------
---------------------------------------------------------------------------------
Finished Renaming Generated Ports : Time (s): cpu = 00:00:16 ; elapsed = 00:00:19 . Memory (MB): peak = 941.082 ; gain = 562.445
---------------------------------------------------------------------------------
---------------------------------------------------------------------------------
Start Handling Custom Attributes
---------------------------------------------------------------------------------
---------------------------------------------------------------------------------
Finished Handling Custom Attributes : Time (s): cpu = 00:00:16 ; elapsed = 00:00:20 . Memory (MB): peak = 941.082 ; gain = 562.445
---------------------------------------------------------------------------------
---------------------------------------------------------------------------------
Start Renaming Generated Nets
---------------------------------------------------------------------------------
---------------------------------------------------------------------------------
Finished Renaming Generated Nets : Time (s): cpu = 00:00:16 ; elapsed = 00:00:20 . Memory (MB): peak = 941.082 ; gain = 562.445
---------------------------------------------------------------------------------
---------------------------------------------------------------------------------
Start Writing Synthesis Report
---------------------------------------------------------------------------------

Report BlackBoxes: 
+-+--------------+----------+
| |BlackBox name |Instances |
+-+--------------+----------+
+-+--------------+----------+

Report Cell Usage: 
+------+--------+------+
|      |Cell    |Count |
+------+--------+------+
|1     |BUFG    |     2|
|2     |CARRY4  |    42|
|3     |DSP48E1 |     3|
|4     |LUT1    |    34|
|5     |LUT2    |   136|
|6     |LUT3    |     3|
|7     |LUT4    |   101|
|8     |LUT5    |     2|
|9     |LUT6    |     4|
|10    |FDCE    |   112|
|11    |FDPE    |     2|
|12    |LDC     |    35|
|13    |IBUF    |    11|
|14    |OBUF    |    34|
+------+--------+------+

Report Instance Areas: 
+------+---------+---------------------------+------+
|      |Instance |Module                     |Cells |
+------+---------+---------------------------+------+
|1     |top      |                           |   521|
|2     |  P11    |pipe_reg                   |     2|
|3     |  P12    |pipe_reg_0                 |     2|
|4     |  P13    |pipe_reg_1                 |     2|
|5     |  P21    |pipe_reg__parameterized0   |    82|
|6     |  P22    |pipe_reg_2                 |     3|
|7     |  P31    |pipe_reg__parameterized0_3 |    53|
|8     |  P32    |pipe_reg_4                 |     6|
|9     |  cntrl  |controller                 |    13|
|10    |  mac    |MAC                        |   190|
|11    |  quan   |Quantizer                  |    48|
|12    |  relu   |ReLU                       |    71|
+------+---------+---------------------------+------+
---------------------------------------------------------------------------------
Finished Writing Synthesis Report : Time (s): cpu = 00:00:16 ; elapsed = 00:00:20 . Memory (MB): peak = 941.082 ; gain = 562.445
---------------------------------------------------------------------------------
Synthesis finished with 0 errors, 0 critical warnings and 35 warnings.
Synthesis Optimization Runtime : Time (s): cpu = 00:00:16 ; elapsed = 00:00:20 . Memory (MB): peak = 941.082 ; gain = 562.445
Synthesis Optimization Complete : Time (s): cpu = 00:00:16 ; elapsed = 00:00:20 . Memory (MB): peak = 941.082 ; gain = 562.445
INFO: [Project 1-571] Translating synthesized netlist
INFO: [Netlist 29-17] Analyzing 80 Unisim elements for replacement
INFO: [Netlist 29-28] Unisim Transformation completed in 0 CPU seconds
INFO: [Project 1-570] Preparing netlist for logic optimization
INFO: [Opt 31-138] Pushed 0 inverter(s) to 0 load pin(s).
Netlist sorting complete. Time (s): cpu = 00:00:00 ; elapsed = 00:00:00 . Memory (MB): peak = 1072.676 ; gain = 0.000
INFO: [Project 1-111] Unisim Transformation Summary:
  A total of 35 instances were transformed.
  LDC => LDCE: 35 instances

INFO: [Common 17-83] Releasing license: Synthesis
142 Infos, 35 Warnings, 0 Critical Warnings and 0 Errors encountered.
synth_design completed successfully
synth_design: Time (s): cpu = 00:00:22 ; elapsed = 00:00:27 . Memory (MB): peak = 1072.676 ; gain = 717.941
Netlist sorting complete. Time (s): cpu = 00:00:00 ; elapsed = 00:00:00.001 . Memory (MB): peak = 1072.676 ; gain = 0.000
WARNING: [Constraints 18-5210] No constraints selected for write.
Resolution: This message can indicate that there are no constraints for the design, or it can indicate that the used_in flags are set such that the constraints are ignored. This later case is used when running synth_design to not write synthesis constraints to the resulting checkpoint. Instead, project constraints are read when the synthesized design is opened.
INFO: [Common 17-1381] The checkpoint 'C:/Vivado Projects/CAO Project/CAO Project.runs/synth_1/ANN.dcp' has been generated.
INFO: [runtcl-4] Executing : report_utilization -file ANN_utilization_synth.rpt -pb ANN_utilization_synth.pb
INFO: [Common 17-206] Exiting Vivado at Tue Dec 23 10:28:51 2025...
