#-----------------------------------------------------------
# Vivado v2019.1 (64-bit)
# SW Build 2552052 on Fri May 24 14:49:42 MDT 2019
# IP Build 2548770 on Fri May 24 18:01:18 MDT 2019
# Start of session at: Tue Dec 23 09:14:46 2025
# Process ID: 18852
# Current directory: C:/Vivado Projects/CAO Project
# Command line: vivado.exe -gui_launcher_event rodinguilauncherevent18060 C:\Vivado Projects\CAO Project\CAO Project.xpr
# Log file: C:/Vivado Projects/CAO Project/vivado.log
# Journal file: C:/Vivado Projects/CAO Project\vivado.jou
#----------------------------------------------------------ststart_guopopen_project {C:/Vivado Projects/CAO Project/CAO Project.xprupdate_compile_order -fileset sources_1
1
launch_simulation
source tb_top.tcl
reset_run synth_1
launch_runs synth_1 -jobs 7
wait_on_run synth_1
close_sim
launch_simulation
source tb_top.tcl
relaunch_sim
relaunch_sim
relaunch_sim
relaunch_sim
relaunch_sim
relaunch_sim
relaunch_sim
relaunch_sim
relaunch_sim
relaunch_sim
relaunch_sim
relaunch_sim
relaunch_sim
relaunch_sim
relaunch_sim
relaunch_sim
import_files
# Disabling source management mode.  This is to allow the top design properties to be set without GUI intervention.
set_property source_mgmt_mode None [current_project]
set_property top ANN [current_fileset]
# Re-enabling previously disabled source management mode.
set_property source_mgmt_mode All [current_project]
update_compile_order -fileset sources_1
# Disabling source management mode.  This is to allow the top design properties to be set without GUI intervention.
set_property source_mgmt_mode None [current_project]
set_property top tb_ANN [get_filesets sim_1]
set_property top_lib xil_defaultlib [get_filesets sim_1]
# Re-enabling previously disabled source management mode.
set_property source_mgmt_mode All [current_project]
update_compile_order -fileset sim_1
reset_run synth_1
launch_runs synth_1 -jobs 7
wait_on_run synth_1
launch_simulation
close_sim
launch_simulation
source tb_ANN.tcl
close_sim
